// Jest Snapshot v1, https://goo.gl/fbAQLP

exports[`snapshots must match 1`] = `
<div>
  <div
    className="id"
  >
    12
  </div>
  <div
    className="name"
  >
    chirpy
  </div>
  <div
    className="capitalizedName"
  >
    Chirpy
  </div>
  <div
    className="updateName"
    onClick={[Function]}
  >
    updateName
  </div>
</div>
`
